Copyright 1986-2022 Xilinx, Inc. All Rights Reserved. Copyright 2022-2025 Advanced Micro Devices, Inc. All Rights Reserved.
---------------------------------------------------------------------------------------------------------------------------------------------
| Tool Version : Vivado v.2025.1 (lin64) Build 6140274 Wed May 21 22:58:25 MDT 2025
| Date         : Mon Jul  6 18:20:33 2026
| Host         : pop-os running 64-bit Pop!_OS 22.04 LTS
| Command      : report_control_sets -verbose -file uart_top_control_sets_placed.rpt
| Design       : uart_top
| Device       : xc7a100t
---------------------------------------------------------------------------------------------------------------------------------------------

Control Set Information

Table of Contents
-----------------
1. Summary
2. Histogram
3. Flip-Flop Distribution
4. Detailed Control Set Information

1. Summary
----------

+----------------------------------------------------------+-------+
|                          Status                          | Count |
+----------------------------------------------------------+-------+
| Total control sets                                       |     5 |
|    Minimum number of control sets                        |     5 |
|    Addition due to synthesis replication                 |     0 |
|    Addition due to physical synthesis replication        |     0 |
| Unused register locations in slices containing registers |    16 |
+----------------------------------------------------------+-------+
* Control sets can be merged at opt_design using control_set_merge or merge_equivalent_drivers
** Run report_qor_suggestions for automated merging and remapping suggestions


2. Histogram
------------

+--------------------+-------+
|       Fanout       | Count |
+--------------------+-------+
| Total control sets |     5 |
| >= 0 to < 4        |     1 |
| >= 4 to < 6        |     1 |
| >= 6 to < 8        |     0 |
| >= 8 to < 10       |     2 |
| >= 10 to < 12      |     0 |
| >= 12 to < 14      |     0 |
| >= 14 to < 16      |     0 |
| >= 16              |     1 |
+--------------------+-------+
* Control sets can be remapped at either synth_design or opt_design


3. Flip-Flop Distribution
-------------------------

+--------------+-----------------------+------------------------+-----------------+--------------+
| Clock Enable | Synchronous Set/Reset | Asynchronous Set/Reset | Total Registers | Total Slices |
+--------------+-----------------------+------------------------+-----------------+--------------+
| No           | No                    | No                     |               0 |            0 |
| No           | No                    | Yes                    |              91 |           34 |
| No           | Yes                   | No                     |               0 |            0 |
| Yes          | No                    | No                     |               0 |            0 |
| Yes          | No                    | Yes                    |              21 |            8 |
| Yes          | Yes                   | No                     |               0 |            0 |
+--------------+-----------------------+------------------------+-----------------+--------------+


4. Detailed Control Set Information
-----------------------------------

+----------------------+-----------------------------+------------------------+------------------+----------------+--------------+
|     Clock Signal     |        Enable Signal        |    Set/Reset Signal    | Slice Load Count | Bel Load Count | Bels / Slice |
+----------------------+-----------------------------+------------------------+------------------+----------------+--------------+
|  CLK100MHZ_IBUF_BUFG | uart_rcv/framing_error0_out | rx_baud_gen/CPU_RESETN |                1 |              1 |         1.00 |
|  CLK100MHZ_IBUF_BUFG | rx_baud_gen/rx_sample_tick  | rx_baud_gen/CPU_RESETN |                1 |              4 |         4.00 |
|  CLK100MHZ_IBUF_BUFG | uart_rcv/data_valid1_out    | rx_baud_gen/CPU_RESETN |                4 |              8 |         2.00 |
|  CLK100MHZ_IBUF_BUFG | uart_trans/shift_reg        | rx_baud_gen/CPU_RESETN |                2 |              8 |         4.00 |
|  CLK100MHZ_IBUF_BUFG |                             | rx_baud_gen/CPU_RESETN |               34 |             91 |         2.68 |
+----------------------+-----------------------------+------------------------+------------------+----------------+--------------+


