
*** Running vivado
    with args -log uart_top.vds -m64 -product Vivado -mode batch -messageDb vivado.pb -notrace -source uart_top.tcl


****** Vivado v2025.1 (64-bit)
  **** SW Build 6140274 on Wed May 21 22:58:25 MDT 2025
  **** IP Build 6138677 on Thu May 22 03:10:11 MDT 2025
  **** SharedData Build 6139179 on Tue May 20 17:58:58 MDT 2025
  **** Start of session at: Mon Jul  6 18:19:25 2026
    ** Copyright 1986-2022 Xilinx, Inc. All Rights Reserved.
    ** Copyright 2022-2025 Advanced Micro Devices, Inc. All Rights Reserved.

source uart_top.tcl -notrace
Command: synth_design -top uart_top -part xc7a100tcsg324-1
Starting synth_design
Attempting to get a license for feature 'Synthesis' and/or device 'xc7a100t'
INFO: [Common 17-349] Got license for feature 'Synthesis' and/or device 'xc7a100t'
INFO: [Device 21-403] Loading part xc7a100tcsg324-1
INFO: [Synth 8-7079] Multithreading enabled for synth_design using a maximum of 7 processes.
INFO: [Synth 8-7078] Launching helper process for spawning children vivado processes
INFO: [Synth 8-7075] Helper process launched with PID 33980
---------------------------------------------------------------------------------
Starting RTL Elaboration : Time (s): cpu = 00:00:03 ; elapsed = 00:00:03 . Memory (MB): peak = 2152.320 ; gain = 442.797 ; free physical = 3285 ; free virtual = 28238
---------------------------------------------------------------------------------
WARNING: [Synth 8-11065] parameter 'DIVIDER' becomes localparam in 'baud_rate_generator' with formal parameter declaration list [/home/pc-8/Desktop/Module_2_second_half_005/uart/uart.srcs/sources_1/new/uart_code.sv:62]
INFO: [Synth 8-6157] synthesizing module 'uart_top' [/home/pc-8/Desktop/Module_2_second_half_005/uart/uart.srcs/sources_1/new/uart_code.sv:548]
INFO: [Synth 8-6157] synthesizing module 'baud_rate_generator' [/home/pc-8/Desktop/Module_2_second_half_005/uart/uart.srcs/sources_1/new/uart_code.sv:41]
	Parameter CLOCK_FREQ_HZ bound to: 100000000 - type: integer 
	Parameter TICK_RATE_HZ bound to: 9600 - type: integer 
INFO: [Synth 8-6155] done synthesizing module 'baud_rate_generator' (0#1) [/home/pc-8/Desktop/Module_2_second_half_005/uart/uart.srcs/sources_1/new/uart_code.sv:41]
INFO: [Synth 8-6157] synthesizing module 'baud_rate_generator__parameterized0' [/home/pc-8/Desktop/Module_2_second_half_005/uart/uart.srcs/sources_1/new/uart_code.sv:41]
	Parameter CLOCK_FREQ_HZ bound to: 100000000 - type: integer 
	Parameter TICK_RATE_HZ bound to: 153600 - type: integer 
INFO: [Synth 8-6155] done synthesizing module 'baud_rate_generator__parameterized0' (0#1) [/home/pc-8/Desktop/Module_2_second_half_005/uart/uart.srcs/sources_1/new/uart_code.sv:41]
INFO: [Synth 8-6157] synthesizing module 'uart_tx' [/home/pc-8/Desktop/Module_2_second_half_005/uart/uart.srcs/sources_1/new/uart_code.sv:364]
INFO: [Synth 8-226] default block is never used [/home/pc-8/Desktop/Module_2_second_half_005/uart/uart.srcs/sources_1/new/uart_code.sv:421]
INFO: [Synth 8-6155] done synthesizing module 'uart_tx' (0#1) [/home/pc-8/Desktop/Module_2_second_half_005/uart/uart.srcs/sources_1/new/uart_code.sv:364]
INFO: [Synth 8-6157] synthesizing module 'uart_rx' [/home/pc-8/Desktop/Module_2_second_half_005/uart/uart.srcs/sources_1/new/uart_code.sv:150]
	Parameter OVERSAMPLE bound to: 16 - type: integer 
INFO: [Synth 8-226] default block is never used [/home/pc-8/Desktop/Module_2_second_half_005/uart/uart.srcs/sources_1/new/uart_code.sv:236]
INFO: [Synth 8-6155] done synthesizing module 'uart_rx' (0#1) [/home/pc-8/Desktop/Module_2_second_half_005/uart/uart.srcs/sources_1/new/uart_code.sv:150]
INFO: [Synth 8-6155] done synthesizing module 'uart_top' (0#1) [/home/pc-8/Desktop/Module_2_second_half_005/uart/uart.srcs/sources_1/new/uart_code.sv:548]
WARNING: [Synth 8-3917] design uart_top has port LED[15] driven by constant 0
WARNING: [Synth 8-3917] design uart_top has port LED[14] driven by constant 0
WARNING: [Synth 8-3917] design uart_top has port LED[13] driven by constant 0
WARNING: [Synth 8-3917] design uart_top has port LED[12] driven by constant 0
---------------------------------------------------------------------------------
Finished RTL Elaboration : Time (s): cpu = 00:00:04 ; elapsed = 00:00:04 . Memory (MB): peak = 2227.258 ; gain = 517.734 ; free physical = 3200 ; free virtual = 28161
---------------------------------------------------------------------------------
---------------------------------------------------------------------------------
Start Handling Custom Attributes
---------------------------------------------------------------------------------
---------------------------------------------------------------------------------
Finished Handling Custom Attributes : Time (s): cpu = 00:00:04 ; elapsed = 00:00:04 . Memory (MB): peak = 2242.102 ; gain = 532.578 ; free physical = 3196 ; free virtual = 28157
---------------------------------------------------------------------------------
---------------------------------------------------------------------------------
Finished RTL Optimization Phase 1 : Time (s): cpu = 00:00:04 ; elapsed = 00:00:04 . Memory (MB): peak = 2242.102 ; gain = 532.578 ; free physical = 3196 ; free virtual = 28157
---------------------------------------------------------------------------------
Netlist sorting complete. Time (s): cpu = 00:00:00 ; elapsed = 00:00:00 . Memory (MB): peak = 2242.102 ; gain = 0.000 ; free physical = 3196 ; free virtual = 28157
INFO: [Project 1-570] Preparing netlist for logic optimization

Processing XDC Constraints
Initializing timing engine
Parsing XDC File [/home/pc-8/Desktop/Module_2_second_half_005/uart/uart.srcs/constrs_1/imports/Skeleton UART/uart_nexys_a7.xdc]
Finished Parsing XDC File [/home/pc-8/Desktop/Module_2_second_half_005/uart/uart.srcs/constrs_1/imports/Skeleton UART/uart_nexys_a7.xdc]
INFO: [Project 1-236] Implementation specific constraints were found while reading constraint file [/home/pc-8/Desktop/Module_2_second_half_005/uart/uart.srcs/constrs_1/imports/Skeleton UART/uart_nexys_a7.xdc]. These constraints will be ignored for synthesis but will be used in implementation. Impacted constraints are listed in the file [.Xil/uart_top_propImpl.xdc].
Resolution: To avoid this warning, move constraints listed in [.Xil/uart_top_propImpl.xdc] to another XDC file and exclude this new file from synthesis with the used_in_synthesis property (File Properties dialog in GUI) and re-run elaboration/synthesis.
Completed Processing XDC Constraints

Netlist sorting complete. Time (s): cpu = 00:00:00 ; elapsed = 00:00:00 . Memory (MB): peak = 2361.840 ; gain = 0.000 ; free physical = 3187 ; free virtual = 28149
INFO: [Project 1-111] Unisim Transformation Summary:
No Unisim elements were transformed.

Constraint Validation Runtime : Time (s): cpu = 00:00:00.01 ; elapsed = 00:00:00 . Memory (MB): peak = 2361.875 ; gain = 0.000 ; free physical = 3187 ; free virtual = 28149
---------------------------------------------------------------------------------
Finished Constraint Validation : Time (s): cpu = 00:00:08 ; elapsed = 00:00:08 . Memory (MB): peak = 2361.875 ; gain = 652.352 ; free physical = 3242 ; free virtual = 28204
---------------------------------------------------------------------------------
---------------------------------------------------------------------------------
Start Loading Part and Timing Information
---------------------------------------------------------------------------------
Loading part: xc7a100tcsg324-1
---------------------------------------------------------------------------------
Finished Loading Part and Timing Information : Time (s): cpu = 00:00:08 ; elapsed = 00:00:08 . Memory (MB): peak = 2369.844 ; gain = 660.320 ; free physical = 3242 ; free virtual = 28204
---------------------------------------------------------------------------------
---------------------------------------------------------------------------------
Start Applying 'set_property' XDC Constraints
---------------------------------------------------------------------------------
---------------------------------------------------------------------------------
Finished applying 'set_property' XDC Constraints : Time (s): cpu = 00:00:08 ; elapsed = 00:00:08 . Memory (MB): peak = 2369.844 ; gain = 660.320 ; free physical = 3242 ; free virtual = 28204
---------------------------------------------------------------------------------
INFO: [Synth 8-802] inferred FSM for state register 'state_reg' in module 'uart_tx'
INFO: [Synth 8-802] inferred FSM for state register 'state_reg' in module 'uart_rx'
---------------------------------------------------------------------------------------------------
                   State |                     New Encoding |                Previous Encoding 
---------------------------------------------------------------------------------------------------
                 ST_IDLE |                               00 |                               00
                ST_START |                               01 |                               01
                 ST_DATA |                               10 |                               10
                 ST_STOP |                               11 |                               11
---------------------------------------------------------------------------------------------------
INFO: [Synth 8-3354] encoded FSM with state register 'state_reg' using encoding 'sequential' in module 'uart_tx'
---------------------------------------------------------------------------------------------------
                   State |                     New Encoding |                Previous Encoding 
---------------------------------------------------------------------------------------------------
                 ST_IDLE |                               00 |                               00
                ST_START |                               01 |                               01
                 ST_DATA |                               10 |                               10
                 ST_STOP |                               11 |                               11
---------------------------------------------------------------------------------------------------
INFO: [Synth 8-3354] encoded FSM with state register 'state_reg' using encoding 'sequential' in module 'uart_rx'
---------------------------------------------------------------------------------
Finished RTL Optimization Phase 2 : Time (s): cpu = 00:00:08 ; elapsed = 00:00:08 . Memory (MB): peak = 2369.844 ; gain = 660.320 ; free physical = 3242 ; free virtual = 28205
---------------------------------------------------------------------------------
---------------------------------------------------------------------------------
Start RTL Component Statistics 
---------------------------------------------------------------------------------
Detailed RTL Component Info : 
+---Adders : 
	   2 Input   32 Bit       Adders := 2     
	   2 Input    4 Bit       Adders := 1     
	   2 Input    3 Bit       Adders := 2     
+---Registers : 
	               32 Bit    Registers := 2     
	                8 Bit    Registers := 3     
	                4 Bit    Registers := 1     
	                3 Bit    Registers := 2     
	                1 Bit    Registers := 10    
+---Muxes : 
	   2 Input    8 Bit        Muxes := 2     
	   4 Input    8 Bit        Muxes := 1     
	   2 Input    4 Bit        Muxes := 2     
	   4 Input    4 Bit        Muxes := 1     
	   4 Input    3 Bit        Muxes := 2     
	   4 Input    2 Bit        Muxes := 2     
	   2 Input    2 Bit        Muxes := 2     
	   2 Input    1 Bit        Muxes := 10    
	   4 Input    1 Bit        Muxes := 12    
---------------------------------------------------------------------------------
Finished RTL Component Statistics 
---------------------------------------------------------------------------------
---------------------------------------------------------------------------------
Start Part Resource Summary
---------------------------------------------------------------------------------
Part Resources:
DSPs: 240 (col length:80)
BRAMs: 270 (col length: RAMB18 80 RAMB36 40)
---------------------------------------------------------------------------------
Finished Part Resource Summary
---------------------------------------------------------------------------------
---------------------------------------------------------------------------------
Start Cross Boundary and Area Optimization
---------------------------------------------------------------------------------
WARNING: [Synth 8-7080] Parallel synthesis criteria is not met
WARNING: [Synth 8-3917] design uart_top has port LED[15] driven by constant 0
WARNING: [Synth 8-3917] design uart_top has port LED[14] driven by constant 0
WARNING: [Synth 8-3917] design uart_top has port LED[13] driven by constant 0
WARNING: [Synth 8-3917] design uart_top has port LED[12] driven by constant 0
---------------------------------------------------------------------------------
Finished Cross Boundary and Area Optimization : Time (s): cpu = 00:00:10 ; elapsed = 00:00:10 . Memory (MB): peak = 2369.844 ; gain = 660.320 ; free physical = 3258 ; free virtual = 28226
---------------------------------------------------------------------------------
---------------------------------------------------------------------------------
Start Applying XDC Timing Constraints
---------------------------------------------------------------------------------
---------------------------------------------------------------------------------
Finished Applying XDC Timing Constraints : Time (s): cpu = 00:00:13 ; elapsed = 00:00:13 . Memory (MB): peak = 2414.844 ; gain = 705.320 ; free physical = 3200 ; free virtual = 28161
---------------------------------------------------------------------------------
---------------------------------------------------------------------------------
Start Timing Optimization
---------------------------------------------------------------------------------
---------------------------------------------------------------------------------
Finished Timing Optimization : Time (s): cpu = 00:00:13 ; elapsed = 00:00:13 . Memory (MB): peak = 2435.875 ; gain = 726.352 ; free physical = 3186 ; free virtual = 28146
---------------------------------------------------------------------------------
---------------------------------------------------------------------------------
Start Technology Mapping
---------------------------------------------------------------------------------
---------------------------------------------------------------------------------
Finished Technology Mapping : Time (s): cpu = 00:00:13 ; elapsed = 00:00:13 . Memory (MB): peak = 2435.875 ; gain = 726.352 ; free physical = 3186 ; free virtual = 28146
---------------------------------------------------------------------------------
---------------------------------------------------------------------------------
Start IO Insertion
---------------------------------------------------------------------------------
---------------------------------------------------------------------------------
Start Flattening Before IO Insertion
---------------------------------------------------------------------------------
---------------------------------------------------------------------------------
Finished Flattening Before IO Insertion
---------------------------------------------------------------------------------
---------------------------------------------------------------------------------
Start Final Netlist Cleanup
---------------------------------------------------------------------------------
---------------------------------------------------------------------------------
Finished Final Netlist Cleanup
---------------------------------------------------------------------------------
---------------------------------------------------------------------------------
Finished IO Insertion : Time (s): cpu = 00:00:15 ; elapsed = 00:00:15 . Memory (MB): peak = 2601.688 ; gain = 892.164 ; free physical = 3047 ; free virtual = 28008
---------------------------------------------------------------------------------
---------------------------------------------------------------------------------
Start Renaming Generated Instances
---------------------------------------------------------------------------------
---------------------------------------------------------------------------------
Finished Renaming Generated Instances : Time (s): cpu = 00:00:15 ; elapsed = 00:00:15 . Memory (MB): peak = 2601.688 ; gain = 892.164 ; free physical = 3047 ; free virtual = 28008
---------------------------------------------------------------------------------
---------------------------------------------------------------------------------
Start Rebuilding User Hierarchy
---------------------------------------------------------------------------------
---------------------------------------------------------------------------------
Finished Rebuilding User Hierarchy : Time (s): cpu = 00:00:15 ; elapsed = 00:00:16 . Memory (MB): peak = 2601.688 ; gain = 892.164 ; free physical = 3047 ; free virtual = 28008
---------------------------------------------------------------------------------
---------------------------------------------------------------------------------
Start Renaming Generated Ports
---------------------------------------------------------------------------------
---------------------------------------------------------------------------------
Finished Renaming Generated Ports : Time (s): cpu = 00:00:15 ; elapsed = 00:00:16 . Memory (MB): peak = 2601.688 ; gain = 892.164 ; free physical = 3047 ; free virtual = 28008
---------------------------------------------------------------------------------
---------------------------------------------------------------------------------
Start Handling Custom Attributes
---------------------------------------------------------------------------------
---------------------------------------------------------------------------------
Finished Handling Custom Attributes : Time (s): cpu = 00:00:15 ; elapsed = 00:00:16 . Memory (MB): peak = 2601.688 ; gain = 892.164 ; free physical = 3047 ; free virtual = 28008
---------------------------------------------------------------------------------
---------------------------------------------------------------------------------
Start Renaming Generated Nets
---------------------------------------------------------------------------------
---------------------------------------------------------------------------------
Finished Renaming Generated Nets : Time (s): cpu = 00:00:15 ; elapsed = 00:00:16 . Memory (MB): peak = 2601.688 ; gain = 892.164 ; free physical = 3047 ; free virtual = 28008
---------------------------------------------------------------------------------
---------------------------------------------------------------------------------
Start Writing Synthesis Report
---------------------------------------------------------------------------------

Report BlackBoxes: 
+-+--------------+----------+
| |BlackBox name |Instances |
+-+--------------+----------+
+-+--------------+----------+

Report Cell Usage: 
+------+-------+------+
|      |Cell   |Count |
+------+-------+------+
|1     |BUFG   |     1|
|2     |CARRY4 |    16|
|3     |LUT1   |     3|
|4     |LUT2   |     3|
|5     |LUT3   |     8|
|6     |LUT4   |    20|
|7     |LUT5   |    73|
|8     |LUT6   |    19|
|9     |FDCE   |   109|
|10    |FDPE   |     3|
|11    |IBUF   |    12|
|12    |OBUF   |    17|
+------+-------+------+
---------------------------------------------------------------------------------
Finished Writing Synthesis Report : Time (s): cpu = 00:00:15 ; elapsed = 00:00:16 . Memory (MB): peak = 2601.688 ; gain = 892.164 ; free physical = 3047 ; free virtual = 28008
---------------------------------------------------------------------------------
Synthesis finished with 0 errors, 0 critical warnings and 5 warnings.
Synthesis Optimization Runtime : Time (s): cpu = 00:00:14 ; elapsed = 00:00:14 . Memory (MB): peak = 2601.688 ; gain = 772.391 ; free physical = 3047 ; free virtual = 28008
Synthesis Optimization Complete : Time (s): cpu = 00:00:15 ; elapsed = 00:00:16 . Memory (MB): peak = 2601.695 ; gain = 892.164 ; free physical = 3047 ; free virtual = 28008
INFO: [Project 1-571] Translating synthesized netlist
Netlist sorting complete. Time (s): cpu = 00:00:00 ; elapsed = 00:00:00 . Memory (MB): peak = 2601.695 ; gain = 0.000 ; free physical = 3049 ; free virtual = 28010
INFO: [Netlist 29-17] Analyzing 16 Unisim elements for replacement
INFO: [Netlist 29-28] Unisim Transformation completed in 0 CPU seconds
INFO: [Project 1-570] Preparing netlist for logic optimization
INFO: [Opt 31-138] Pushed 0 inverter(s) to 0 load pin(s).
Netlist sorting complete. Time (s): cpu = 00:00:00 ; elapsed = 00:00:00 . Memory (MB): peak = 2657.715 ; gain = 0.000 ; free physical = 3183 ; free virtual = 28144
INFO: [Project 1-111] Unisim Transformation Summary:
No Unisim elements were transformed.

Synth Design complete | Checksum: f3d128cc
INFO: [Common 17-83] Releasing license: Synthesis
31 Infos, 10 Warnings, 0 Critical Warnings and 0 Errors encountered.
synth_design completed successfully
synth_design: Time (s): cpu = 00:00:21 ; elapsed = 00:00:19 . Memory (MB): peak = 2657.750 ; gain = 1101.312 ; free physical = 3183 ; free virtual = 28144
INFO: [Common 17-2834] synth_design peak Physical Memory [PSS] (MB): overall = 1757.763; main = 1757.763; forked = 273.007
INFO: [Common 17-2834] synth_design peak Virtual Memory [VSS] (MB): overall = 3362.559; main = 2657.719; forked = 992.711
Write ShapeDB Complete: Time (s): cpu = 00:00:00 ; elapsed = 00:00:00 . Memory (MB): peak = 2681.727 ; gain = 0.000 ; free physical = 3183 ; free virtual = 28144
INFO: [Common 17-1381] The checkpoint '/home/pc-8/Desktop/Module_2_second_half_005/uart/uart.runs/synth_1/uart_top.dcp' has been generated.
INFO: [Vivado 12-24828] Executing command : report_utilization -file uart_top_utilization_synth.rpt -pb uart_top_utilization_synth.pb
INFO: [Common 17-206] Exiting Vivado at Mon Jul  6 18:19:48 2026...
